in_source: |-
  (fn status int (
    (def (ready int))
    (io_status 0)
    (local_set ready)
    ready
  ))

  (while (status) (
    (in 0)
    (out 1)
  ))
in_stdin: |-
  aaa
out_log: |
  INFO     root:machine.py:47 
  INFO     root:machine.py:48 Ticks: 288
  INFO     root:machine.py:49 Instructions: 70

  INFO     root:machine.py:50 Cache-hit-rate: 93.33%
out_stdout: |-
  ============================================================
  aaa
out_code: |-
  {
    "instructions": [
      ["load", 32],
      ["local_set", -24],
      ["shift_stack", -8],
      ["jmp", 104],
      ["unshift_stack", -8],
      ["local_get", -16],
      ["local_set", -8],
      ["local_get", -8],
      ["jmp_if_false", 96],
      ["in", 0],
      ["out", 1],
      ["jmp", 0],
      ["halt"],
      ["io_status", 0],
      ["local_set", -24],
      ["local_get", -24],
      ["local_set", -8],
      ["local_get", -16],
      ["jmp_acc"]
    ]
  }
