in_source: |-
  (fn print (s str)
    ((let i 0)
    (while (- i (. 's len)) (
      (let t (* (+ (. 's ptr) i)))
      (local_get_1 t)
      (out 1)
      (set i (+ i 1))
      ()))))
  (print "Hello world!")
in_stdin: ''
out_log: |
  INFO     root:machine.py:47 
  INFO     root:machine.py:48 Ticks: 2162
  INFO     root:machine.py:49 Instructions: 558

  INFO     root:machine.py:50 Cache-hit-rate: 98.21%
out_stdout: |-
  ============================================================
  Hello world!
out_code: |-
  {
    "instructions": [
      ["load", 64],
      ["local_set", -8],
      ["load", 464],
      ["local_set", -24],
      ["load", 12],
      ["local_set", -16],
      ["shift_stack", 0],
      ["jmp", 80],
      ["unshift_stack", 0],
      ["halt"],
      ["load", 0],
      ["local_set", -32],
      ["local_get", -32],
      ["local_set", -48],
      ["local_ptr", -24],
      ["local_set", -72],
      ["local_get", -72],
      ["add_cmd", 8],
      ["local_set", -64],
      ["local_get", -64],
      ["add_cmd", 0],
      ["deref"],
      ["local_set", -56],
      ["local_get", -48],
      ["sub_local", -56],
      ["local_set", -40],
      ["local_get", -40],
      ["jmp_if_false", 448],
      ["local_ptr", -24],
      ["local_set", -73],
      ["local_get", -73],
      ["add_cmd", 0],
      ["local_set", -65],
      ["local_get", -65],
      ["add_cmd", 0],
      ["deref"],
      ["local_set", -49],
      ["local_get", -32],
      ["local_set", -57],
      ["local_get", -49],
      ["add_local", -57],
      ["local_set", -41],
      ["local_get", -41],
      ["add_cmd", 0],
      ["deref_1"],
      ["local_set_1", -33],
      ["local_get_1", -33],
      ["out", 1],
      ["local_get", -32],
      ["local_set", -41],
      ["load", 1],
      ["local_set", -49],
      ["local_get", -41],
      ["add_local", -49],
      ["local_set", -32],
      ["jmp", 96],
      ["local_get", -8],
      ["jmp_acc"],
      [72],
      [101],
      [108],
      [108],
      [111],
      [32],
      [119],
      [111],
      [114],
      [108],
      [100],
      [33]
    ]
  }
